================================================================================
測試案例: 調閱⼀個錄影事件回放
執行時間: 2026-02-03 21:48:29
執行命令: C:\Python314\python.exe -u -m pytest D:\nxwitness-demo\tests\test_runner.py --test_name 調閱⼀個錄影事件回放 -v -s --tb=short
工作目錄: D:\nxwitness-demo
================================================================================

============================= test session starts =============================
platform win32 -- Python 3.14.2, pytest-9.0.2, pluggy-1.6.0 -- C:\Python314\python.exe
cachedir: .pytest_cache
rootdir: D:\nxwitness-demo
plugins: anyio-4.12.1
collecting ... collected 1 item

tests/test_runner.py::test_main_flow[\u8abf\u95b1\u2f00\u500b\u9304\u5f71\u4e8b\u4ef6\u56de\u653e-steps0] 
================================================================================
[系統] ✅ Playwright 瀏覽器已保留（供 Case 2-2 使用）
[系統] 💡 使用類別屬性保持瀏覽器運行（比照 Selenium）
[系統] 💡 Case 2-2 可以通過 Attach 模式連接
================================================================================
[系統] 💡 瀏覽器將保持運行直到程序結束
================================================================================
[REPORT] 從環境變數獲取 Terminal log: D:\nxwitness-demo\report\調閱⼀個錄影事件回放\2026-02-03_21-48-29\terminal_output.log
[REPORT] Terminal log 文件存在，大小: 711 bytes
[REPORT] 開始生成報告，log_file_path: D:\nxwitness-demo\report\調閱⼀個錄影事件回放\2026-02-03_21-48-29\terminal_output.log
[REPORT] 清理了 0 個 NULL 字節
[REPORT] Terminal log 已複製到報告目錄: D:\nxwitness-demo\report\調閱⼀個錄影事件回放\2026-02-03_21-48-29\terminal_output.log (1703 bytes)

================================================================================
[REPORT] 測試報告已生成！
[REPORT] 報告路徑: D:/nxwitness-demo/report/調閱⼀個錄影事件回放/2026-02-03_21-48-29/report.html
[REPORT] 您可以直接在瀏覽器中打開此文件查看詳細報告
================================================================================

FAILED

================================== FAILURES ===================================
_ test_main_flow[\u8abf\u95b1\u2f00\u500b\u9304\u5f71\u4e8b\u4ef6\u56de\u653e-steps0] _
tests\test_runner.py:154: in test_main_flow
    translator = StepTranslator(browser_context=browser_context, mobile_driver=mobile_driver)
                 ^^^^^^^^^^^^^^^^^^^^^^^^^^^^^^^^^^^^^^^^^^^^^^^^^^^^^^^^^^^^^^^^^^^^^^^^^^^^
engine\step_translator.py:67: in __init__
    self.action_map["cloud"] = CloudActions(browser_context)
                               ^^^^^^^^^^^^^^^^^^^^^^^^^^^^^
actions\cloud_actions.py:100: in __init__
    from pages.web.nx_cloud_web_page import NxCloudWebPage
E     File "D:\nxwitness-demo\pages\web\nx_cloud_web_page.py", line 1866
E       except Exception as e:
E       ^^^^^^
E   SyntaxError: invalid syntax
=========================== short test summary info ===========================
FAILED tests/test_runner.py::test_main_flow[\u8abf\u95b1\u2f00\u500b\u9304\u5f71\u4e8b\u4ef6\u56de\u653e-steps0]
============================== 1 failed in 0.81s ==============================
