================================================================================
測試案例: 調閱⼀個錄影事件回放
執行時間: 2026-02-01 14:32:37
執行命令: C:\Python314\python.exe -m pytest D:\nxwitness-demo\tests\test_runner.py --test_name 調閱⼀個錄影事件回放 -v -s --tb=short
工作目錄: D:\nxwitness-demo
================================================================================

============================= test session starts =============================
platform win32 -- Python 3.14.2, pytest-9.0.2, pluggy-1.6.0 -- C:\Python314\python.exe
cachedir: .pytest_cache
rootdir: D:\nxwitness-demo
plugins: anyio-4.12.1
collecting ... collected 1 item

tests/test_runner.py::test_main_flow[\u8abf\u95b1\u2f00\u500b\u9304\u5f71\u4e8b\u4ef6\u56de\u653e-steps0] >>> [RECORDING] 委託 CloudActions 執行 Case 2-2...
>>> [CASE_2-2] 執行 Case 2-2: 調閱一個錄影事件回放
>>> [CASE_2-2] 步驟 1: 讀取 Nx Cloud URL...
>>> [CASE_2-2] 步驟 2: 關閉所有 Chrome 視窗...
>>> [CASE_2-2] 步驟 3: 使用 Playwright 打開瀏覽器...

================================================================================
退出碼: 1
執行結果: 失敗或被中斷
================================================================================
