================================================================================
測試案例: 調閱一個錄影事件回放 (Mobile Android)
執行時間: 2026-02-02 00:07:12
執行命令: C:\Python314\python.exe -u -m pytest D:\nxwitness-demo\tests\test_runner.py --test_name 調閱一個錄影事件回放 (Mobile Android) -v -s --tb=short
工作目錄: D:\nxwitness-demo
================================================================================

============================= test session starts =============================
platform win32 -- Python 3.14.2, pytest-9.0.2, pluggy-1.6.0 -- C:\Python314\python.exe
cachedir: .pytest_cache
rootdir: D:\nxwitness-demo
plugins: anyio-4.12.1
collecting ... collected 1 item

tests/test_runner.py::test_main_flow[\u8abf\u95b1\u4e00\u500b\u9304\u5f71\u4e8b\u4ef6\u56de\u653e (Mobile Android)-steps0] 
[系統] [時間戳: 00:07:13] 偵測到移動端測試需求
[系統] 使用 ADB 方式執行（繞過 Appium/UiAutomator2）
>>> [ADB_TOOLKIT] 初始化 ADB 控制器，設備: 自動選擇
[系統] [OK] ADB 設備連接正常
>>> [CASE_4-2] [智能定位] 執行選擇服務器和攝像頭...
>>> [ADB_TOOLKIT] 初始化 ADB 控制器，設備: 自動選擇
>>> [CASE_4-2] 步驟 1: 點擊 Server 卡片 (540, 570)...
>>> [ADB_TOOLKIT] 點擊座標: (540, 570)
