================================================================================
測試案例: 調閱⼀個錄影事件回放
執行時間: 2026-02-01 14:24:15
執行命令: C:\Python314\python.exe -m pytest D:\nxwitness-demo\tests\test_runner.py --test_name 調閱⼀個錄影事件回放 -v -s --tb=short
工作目錄: D:\nxwitness-demo
================================================================================

============================= test session starts =============================
platform win32 -- Python 3.14.2, pytest-9.0.2, pluggy-1.6.0 -- C:\Python314\python.exe
cachedir: .pytest_cache
rootdir: D:\nxwitness-demo
plugins: anyio-4.12.1
collecting ... collected 0 items / 1 error

=================================== ERRORS ====================================
____________________ ERROR collecting tests/test_runner.py ____________________
ImportError while importing test module 'D:\nxwitness-demo\tests\test_runner.py'.
Hint: make sure your test modules/packages have valid Python names.
Traceback:
C:\Python314\Lib\importlib\__init__.py:88: in import_module
    return _bootstrap._gcd_import(name[level:], package, level)
           ^^^^^^^^^^^^^^^^^^^^^^^^^^^^^^^^^^^^^^^^^^^^^^^^^^^^
tests\test_runner.py:5: in <module>
    from engine.step_translator import StepTranslator
engine\step_translator.py:31: in <module>
    from actions.recording_actions import RecordingActions
E   ModuleNotFoundError: No module named 'actions.recording_actions'
=========================== short test summary info ===========================
ERROR tests/test_runner.py
!!!!!!!!!!!!!!!!!!! Interrupted: 1 error during collection !!!!!!!!!!!!!!!!!!!!
============================== 1 error in 0.64s ===============================

================================================================================
退出碼: 2
執行結果: 失敗或被中斷
================================================================================
