================================================================================
測試案例: 調閱⼀個錄影事件回放
執行時間: 2026-02-01 14:03:52
執行命令: C:\Python314\python.exe -m pytest D:\nxwitness-demo\tests\test_runner.py --test_name 調閱⼀個錄影事件回放 -v -s --tb=short
工作目錄: D:\nxwitness-demo
================================================================================

============================= test session starts =============================
platform win32 -- Python 3.14.2, pytest-9.0.2, pluggy-1.6.0 -- C:\Python314\python.exe
cachedir: .pytest_cache
rootdir: D:\nxwitness-demo
plugins: anyio-4.12.1
collecting ... collected 1 item

tests/test_runner.py::test_main_flow[\u8abf\u95b1\u2f00\u500b\u9304\u5f71\u4e8b\u4ef6\u56de\u653e-steps0] >>> [CASE_2-2] 執行 Case 2-2: 調閱一個錄影事件回放

================================================================================
退出碼: 1
執行結果: 失敗或被中斷
================================================================================
node:events:486
      throw er; // Unhandled 'error' event
      ^

Error: EPIPE: broken pipe, write
    at Socket._write (node:internal/net:75:18)
    at writeOrBuffer (node:internal/streams/writable:570:12)
    at _write (node:internal/streams/writable:499:10)
    at Writable.write (node:internal/streams/writable:508:10)
    at PipeTransport.send (C:\Python314\Lib\site-packages\playwright\driver\package\lib\server\utils\pipeTransport.js:52:21)
    at dispatcherConnection.onmessage (C:\Python314\Lib\site-packages\playwright\driver\package\lib\cli\driver.js:60:59)
    at DispatcherConnection.sendCreate (C:\Python314\Lib\site-packages\playwright\driver\package\lib\server\dispatchers\dispatcher.js:185:10)
    at new Dispatcher (C:\Python314\Lib\site-packages\playwright\driver\package\lib\server\dispatchers\dispatcher.js:69:23)
    at new ResponseDispatcher (C:\Python314\Lib\site-packages\playwright\driver\package\lib\server\dispatchers\networkDispatchers.js:73:5)
    at ResponseDispatcher.from (C:\Python314\Lib\site-packages\playwright\driver\package\lib\server\dispatchers\networkDispatchers.js:88:22)
Emitted 'error' event on Socket instance at:
    at emitErrorNT (node:internal/streams/destroy:170:8)
    at emitErrorCloseNT (node:internal/streams/destroy:129:3)
    at process.processTicksAndRejections (node:internal/process/task_queues:89:21) {
  errno: -4047,
  syscall: 'write',
  code: 'EPIPE'
}

Node.js v24.11.1
